99 13 26 0 0 0 0 0 0 0 16 0 0 0 0 0 0 69 0 0 0 0 0 0 72 0 0 0 0 0 27 0 0 0 0 42 0 46 1 27 63 0 1 0 0 1 0 0 0 15 0 0 0 0 0 0 0 3 13 1 0 0 0 0 0 0 0 10 2 0 0 0 0 1 0 0 1 0 0 0 0 74 0 0 0 0 0 0 0 1 0 0 0 0 3 0 0 0 0 0 
