99 0 0 23 35 18 0 0 0 0 0 0 0 1 32 0 0 26 29 25 0 25 13 0 21 26 90 0 16 0 0 2 0 0 0 14 0 10 0 0 0 0 0 1 0 0 0 7 89 20 0 0 0 0 0 0 36 0 0 0 0 0 33 4 0 0 10 0 0 0 35 45 0 0 39 20 0 0 0 0 0 21 0 0 0 0 0 0 0 0 0 14 2 6 2 0 53 0 0 0 
