99 14 0 39 0 39 0 18 71 23 4 61 0 38 0 0 0 0 34 27 0 12 14 8 1 53 0 16 71 15 22 20 46 0 83 0 0 21 0 63 0 3 48 0 1 0 45 0 45 82 0 0 0 0 20 4 0 0 0 79 23 18 0 2 7 0 7 0 20 1 43 0 10 24 0 5 16 8 30 0 21 8 66 19 0 0 3 0 0 63 13 19 0 49 34 23 0 0 14 0 
