99 43 3 0 5 3 8 3 0 1 1 8 2 4 10 0 7 1 2 2 1 2 0 0 0 1 3 1 21 6 1 6 3 1 3 2 6 0 0 54 1 10 0 7 1 0 4 0 0 0 4 1 2 5 1 4 10 10 2 0 0 5 5 4 2 43 1 0 3 2 6 1 3 1 0 0 0 10 0 3 0 1 0 8 0 3 1 4 5 0 2 1 3 2 0 1 0 2 4 0 
