99 24 98 57 11 60 20 31 45 75 79 19 79 76 0 47 97 77 49 19 49 8 6 39 29 25 96 10 90 14 14 42 2 30 77 71 84 54 69 72 74 19 84 64 28 23 85 36 34 50 84 60 83 79 44 46 93 10 0 17 7 89 3 9 48 49 35 24 58 61 4 82 92 55 36 10 36 65 59 60 31 94 88 41 55 53 24 67 68 94 43 73 31 16 40 18 91 4 70 66 
