99 47 36 79 83 45 7 42 29 23 9 16 29 39 27 47 89 1 25 23 5 46 39 21 48 25 33 93 19 41 43 32 43 31 31 45 7 44 63 19 73 55 5 27 61 3 17 9 40 18 49 77 14 87 24 13 17 35 33 37 6 2 71 3 1 22 95 10 38 57 91 13 75 65 49 30 26 20 12 15 4 41 8 81 69 59 85 97 35 15 11 37 67 51 11 34 0 53 28 21 
