7
-618509244 970813770
-882028599 939553751
-968929541 763967576
-998339735 -645727009
-787709469 -971247558
-345953944 -986386184
805983498 -995950048
