12
-77096141 999108543
-803800454 994871832
-966277578 992431921
-989670895 908798651
-993738574 680880165
-999509213 121212086
-990871385 -701818019
-978083452 -887622150
-964780094 -943808668
-909010005 -964127193
-677493419 -998438581
-603004178 -999197380
