11
222830502 999067107
-526851723 995791943
-952498648 981988389
-993371290 916812210
-998753883 255057270
-999611910 -348043202
-998201936 -911296568
-974550181 -950094803
-659176498 -992022228
-152700227 -997657910
542997598 -998672973
