17
702258802 999997483
-723677906 999991880
-913193856 999991082
-999287108 999812512
-999579389 996422371
-999855984 985025643
-999972740 942592226
-999997730 540975452
-999995211 -859944190
-999889731 -982053471
-999612127 -993926756
-999285208 -998373885
-998685601 -999456123
-998163132 -999766740
-951212075 -999985122
-833138097 -999989395
396511337 -999994007
