3
967507106 824003887
152101765 147477275
-983367357 -794600290
