3
315656312 877828708
-65484897 367389518
-938261473 -801466953
