3
169838237 783158187
-340179415 81129190
-907790640 -700176197
