1 2 0.8400000000
3 5 0.6825600000
1 1 0.6000000000
