1 2 0.9600000000
1 1 0.8000000000
0 0 0.
0 0 0.
0 0 0.
0 0 0.
0 0 0.
0 0 0.
0 0 0.
0 0 0.
0 0 0.
