1 3 0.7840000000
1 1 0.4000000000
1 1 0.4000000000
0 0 0.
0 0 0.
0 0 0.
0 0 0.
0 0 0.
0 0 0.
0 0 0.
0 0 0.
