1 4 0.9375000000
1 2 0.7500000000
1 1 0.5000000000
1 1 0.5000000000
0 0 0.
0 0 0.
0 0 0.
0 0 0.
0 0 0.
0 0 0.
0 0 0.
