1 6 0.9992710000
2 6 0.9890650000
3 6 0.9295300000
2 3 0.7840000000
1 1 0.7000000000
1 1 0.7000000000
0 0 0.
0 0 0.
0 0 0.
0 0 0.
0 0 0.
