1 9 0.9762373200
2 9 0.8660648945
1 3 0.7125040000
1 2 0.5644000000
1 1 0.3400000000
1 1 0.3400000000
1 1 0.3400000000
1 1 0.3400000000
1 1 0.3400000000
0 0 0.
0 0 0.
