3353
583404
662223
474560
811059
1143478
1135086
386416
55593
944222
664990
556066
203926
948044
531056
360092
946466
162870
969384
475700
1254000
78651
865360
235300
425002
655175
33364
878185
940390
418398
454565
212439
319197
660350
1292786
1184984
282023
1037395
67890
414916
314884
152495
1068216
813799
513556
469978
1286481
444381
165380
308786
