360086
302383
876898
1320348
1372905
515666
1012270
1273820
965286
300130
89524
472446
843788
332262
198633
200104
114468
429765
741226
737198
53836
1192122
730455
663550
832275
411713
355064
671301
380462
225962
1255738
177561
106422
868074
436362
1010390
935062
202354
1264008
715588
475304
199126
80732
1160590
714478
826634
600525
770346
1199697
487496
