324817695889521830
383646327513736554
332503437054396495
4360921007864586
501639952766856944
411524574908976797
355448215407602549
945084424942887181
184488143791568622
763134223654208281
600032422613925385
653697459467701371
721141074210540233
270195767801334133
281669279063125001
226112620116115767
562968472247634470
703344686587414816
657774904787856913
222677057778204696
678799444013093185
619934358723219808
619425927690098428
40221986388529174
898388742400786406
843831209142158801
300468326061841518
629364157847983730
503815713879348789
29797862259637675
590172603756171011
767200654775675273
431970709293963715
848820503404723219
537262817464925647
678965781101888686
989036419883272643
609289176170667251
26434489059719547
106171060195464258
886177807243789336
524038237094396922
945828530816293123
220066559718953976
342628749087900609
686763755634097173
356057211373290500
928828921887564082
128670545528372650
908605606059349033
