371587184405259112
415324076386802410
913175749385355084
244463388482252530
158585967260052928
859177027083594892
242416543526275106
290512790266210232
623564890473638866
1508648820805712
122335792634265304
123705705163826164
609406838465999102
399683275715730974
724809424749743538
313276870175924686
133920719971087018
459012328840489310
895331532572389058
742798340548023298
584919761057475416
550078147712168012
426495169125247126
769240950341014336
118668232835327010
713174958077684170
770906263933550252
606473037050283040
534849247012502404
626039895080811694
159109083160142358
398476008014987972
295463530921791020
916481002174465424
44971754552250210
499738784359977730
571504572174189614
483395570376436506
679805253654435596
85763391981795606
757386598306964404
594631026310791092
671473488827950166
453516514066406358
437493857776860364
445639760769852580
447299439367719950
15958286118097566
568337638272934950
825187114754533688
