412181173346908202
495058585092266654
84855050172430948
260511604245942951
353323844897487420
140414691840903274
848855667643383036
99868105122253324
923187101800298302
720529674120103012
65869613428440920
383200038187284888
818573101294057949
632844877194260292
180827948164112314
227516020978638668
65907847386571527
521207674422113913
959347901473064056
48733172169271700
62740977497192225
462752561453505939
17213610317410065
629336748423472604
560309740418588826
594431462009674074
785138389439402008
169470012665732721
555876021647012928
477636327493895608
396557371659951356
832155887292235074
448458990402372648
17816387518503825
42057895059161964
282506581718989491
83601249245246248
224264199697262247
577439193548537916
652877168328501109
150500755648622115
567201726740652438
806589951098675076
448861403793162376
47934478051907223
847550376005006601
560675966029982736
484422618828781191
442489272089582188
758441348425612881
