189360922802837835
229471757261137216
39115264625955629
496083818338670368
649982645392982613
230485063176391729
543785875734739016
696710950459483678
210013399702396543
613257276042409297
798259025900175854
637016564744064839
342683354599420809
365147781704220004
713166728145473716
57156719904953124
469860283408830006
989331202627512313
920857835538231003
730740966148141604
56310224229808215
714091484156693376
118586139154653273
89360666523138483
294843258600375157
342475435028915404
763486383112569863
542254772301690601
130768486340375339
972797183885410551
643112350697311562
274320638184099610
690801966584931479
993065721084323660
925335908015289790
944082192767257956
481774529360994926
141203388144848944
185180742068361067
21122360743082357
158906840459723786
618858004452715425
118304463344051040
106274329983353060
498804725366966928
484558670218797809
959193330958004091
398919419192982708
697480940275189293
760662059845670554
