909793611480494896
822940532024556515
452078641189218262
966680176107522351
72754769475922834
32643053389867702
136156740799045196
71916028400837158
155024698195361245
976652069058941482
63787112687484306
462994925818187691
588260822574805461
798259798441196151
877599498313403566
256784240287964482
313479131438303877
143794451240274605
265378395044112153
233605944973377448
163313319918396916
561550843683366876
5326772841566072
570675921513401481
173453374781171164
509155628163181195
111377400279385012
393289184425583229
245942695115599332
744306814124832441
52941300463517673
263104686542416506
192807873525258698
48327751632545214
420898750482409776
968179472121954426
522052371555543574
560284605883000885
460373911346009570
70121752307333495
113695938758517048
924634118968508884
527836795381583814
825390224957513792
443100607287037460
35532127877343268
13848949850287626
911862700303964667
256470852882556412
241220386236015348
