818264163676665128
327621468774034078
291547884941263050
956802617528311734
628382813116753488
819817780082323880
322043119139822286
53735831080924734
69716818111531418
988499376258985026
102905442748394192
943981501983556634
641853622184788660
234695692423560172
788216651353170880
320503666060257772
900743433693214466
314251784831668593
316580272108924536
48564982594608570
718560468493441178
100697234101136208
983752311939752588
654720526971186350
294173129117350458
819807555534466832
772590189741036752
191979458640718810
453657170463676494
547902495507636555
894865262906640460
83942608095649022
84675415473706858
223855536487573528
76781803074934192
858077753515985700
766922640070864604
723653421727010876
168805231208055758
576324256225275252
224739895214048010
695677086623592994
430163600636110614
16227666507420676
24232275677484528
95707134357289988
19128066669820424
878415294174762750
808948190952875522
191660213974534468
