884
87
1 2 3 4 5 6 7 8 9 10 11 12 13 14 15 16 17 18 19 20 21 22 23 24 25 26 27 28 29 30 31 32 33 34 35 36 37 38 40 41 42 43 44 45 46 47 48 49 50 51 52 53 54 55 57 58 59 60 61 64 66 68 69 70 72 73 74 76 78 79 80 81 82 83 84 85 87 88 89 90 91 92 93 94 95 96 98
13
39 56 62 63 65 67 71 75 77 86 97 99 100
