1530
81
1 2 3 4 5 6 7 8 9 10 11 12 13 14 15 16 17 18 19 20 21 22 23 24 25 27 28 29 30 31 32 33 34 35 36 37 38 39 41 42 45 47 49 51 52 53 54 56 57 58 59 60 61 62 63 64 66 67 68 69 71 73 74 75 76 77 78 79 80 81 82 83 84 85 86 87 89 91 92 93 95
14
26 40 43 44 46 48 50 55 65 70 72 88 90 94
