1066
50
1 2 3 6 7 8 9 14 15 20 24 27 28 30 37 38 39 41 42 43 44 47 48 50 51 52 55 56 57 60 61 62 63 64 66 69 70 71 73 79 82 85 86 88 91 93 94 95 96 97
49
4 5 10 11 12 13 16 17 18 19 21 22 23 25 26 29 31 32 33 34 35 36 40 45 46 49 53 54 58 59 65 67 68 72 74 75 76 77 78 80 81 83 84 87 89 90 92 98 99
