2
41
1 2 3 4 6 7 9 11 12 13 14 16 17 21 24 25 28 32 33 37 38 39 40 42 46 48 51 52 53 56 57 60 61 62 64 66 68 71 74 75 79
40
5 8 10 15 18 19 20 22 23 26 27 29 30 31 34 35 36 41 43 44 45 47 49 50 54 55 58 59 63 65 67 69 70 72 73 76 77 78 80 81
