1
30
59
87
115
142
167
190
211
232
251
268
284
304
320
