1
31
59
85
108
131
153
169
184
196
206
218
228
237
246
