1
31
57
82
106
128
149
166
181
192
199
205
210
216
219
