1
22
41
59
75
91
105
117
129
139
148
156
164
171
175
