1
29
45
60
75
90
105
120
135
149
161
171
179
185
189
