1
27
48
68
85
102
117
132
146
158
170
182
192
202
208
