1
27
52
75
95
112
128
144
159
171
180
189
198
206
214
