1
494
986
1478
1964
2450
2931
3409
3885
4357
4827
5294
5749
6200
6646
7078
7488
7897
8301
8699
9091
9482
9868
10251
10634
11013
11391
11761
12129
12493
12851
13205
13558
13909
14259
14605
14947
15287
15614
15938
16260
16581
16895
17197
17491
17779
18065
18341
18613
18885
19147
19401
19642
19882
20116
20350
20584
20810
21035
21256
21464
21664
21859
22051
22240
22429
22616
22793
22967
23141
23293
23443
23593
23742
23889
24034
24179
24319
24457
24588
24711
24831
24947
25062
25173
25255
25336
25408
25469
25527
25583
25637
25689
25729
25763
25795
25826
25853
25899
25926
