1
493
983
1448
1913
2375
2837
3299
3757
4214
4663
5112
5558
5999
6440
6881
7318
7753
8180
8602
9017
9420
9821
10215
10609
10997
11375
11746
12106
12458
12808
13154
13494
13825
14147
14468
14783
15098
15406
15711
16015
16318
16618
16905
17192
17469
17745
18019
18287
18544
18799
19046
19292
19537
19777
20012
20240
20466
20687
20908
21127
21343
21552
21757
21951
22142
22328
22511
22694
22876
23040
23202
23361
23510
23655
23795
23934
24071
24204
24321
24432
24542
24644
24731
24817
24896
24974
25048
25118
25184
25234
25280
25321
25360
25395
25418
25426
25434
25441
25447
