1
501
756
1007
1258
1509
1760
2011
2262
2513
2764
3015
3266
3517
3768
4019
4270
4521
4772
5023
5274
5525
5776
6027
6278
6529
6780
7031
7282
7533
7784
8035
8286
8537
8788
9039
9290
9541
9792
10043
10294
10545
10796
11047
11298
11549
11800
12051
12302
12553
12804
13054
13299
13539
13774
14004
14229
14449
14664
14874
15079
15279
15474
15664
15849
16029
16204
16374
16539
16699
16854
17004
17149
17289
17424
17554
17679
17799
17914
18024
18129
18229
18324
18414
18499
18579
18654
18724
18789
18849
18904
18954
18999
19039
19074
19104
19129
19149
19164
19174
