1
494
984
1463
1938
2404
2869
3323
3773
4221
4664
5104
5523
5939
6349
6752
7153
7548
7940
8328
8715
9099
9481
9862
10237
10608
10977
11341
11704
12057
12409
12761
13101
13434
13762
14087
14400
14700
14997
15279
15549
15815
16079
16341
16597
16851
17096
17340
17579
17814
18044
18271
18496
18711
18926
19140
19351
19555
19756
19928
20099
20269
20438
20602
20757
20910
21062
21208
21352
21494
21628
21758
21882
22002
22121
22240
22355
22468
22578
22685
22786
22885
22980
23066
23151
23230
23309
23385
23455
23517
23579
23633
23683
23727
23755
23780
23804
23826
23846
23860
