1
501
1001
1500
1999
2498
2997
3496
3995
4494
4993
5491
5989
6487
6985
7483
7981
8479
8976
9807
10307
10806
11305
11804
12303
12802
13301
13800
14298
14796
15294
15792
16290
16788
17285
17782
18278
18774
19270
19765
20260
20755
21250
21745
22240
22734
23228
23722
24216
24709
25202
25695
26188
26680
27172
27664
28156
28647
29138
29628
30118
30608
31098
31587
32076
32565
33054
33543
34032
34520
35007
35494
35981
36468
36954
37440
37926
38412
38897
39381
39865
40349
40833
41317
41799
42281
42763
43245
43727
44209
44691
45172
45653
46134
46615
47095
47575
48055
48535
49015
