1
31
61
91
119
146
171
194
217
237
252
267
281
293
298
