1
31
61
88
112
134
156
176
196
214
229
242
253
261
269
