1
2001
4000
5998
7995
9991
11986
13980
15973
17965
19956
21946
23935
25923
27910
29896
31881
33865
35848
37830
41790
