1
30
59
84
108
132
153
173
188
201
212
224
235
245
255
