1
31
61
91
120
148
173
196
218
240
260
278
296
318
330
